MAP
#
# Start of map file
#
NAME Demo
STATUS ON
SIZE 900 900
EXTENT 0 0 600000 1300000
UNITS METERS
SHAPEPATH "/srv/website/lsces/mapper/data"

TRANSPARENT OFF
IMAGECOLOR 255 255 255
FONTSET "../symbols/font.list"
SYMBOLSET "../symbols/symbol.list"
IMAGETYPE PNG

#
# Projection definition, consult the PROJ.4 documentation for parameter discussion
#
 PROJECTION
  "init=epsg:27700"
 END

#
# Start of web interface definition
#
WEB
  TEMPLATE "../html/form.html"
  MINSCALE 500
  MAXSCALE 1550000
  IMAGEPATH "/srv/website/lsces/storage/maps/"
  IMAGEURL "/storage/maps/"
  LOG "os250.log"
  EMPTY "../theme/noFeature.html"
END

QUERYMAP
  SIZE 80 150
  STATUS OFF
  STYLE hilite
  COLOR 255 0 0
END

#
# Start of reference map
#
REFERENCE
  IMAGE "../graphics/OS250_over_tn2.png"
  EXTENT 0 0 600000 1300000
  SIZE 161 300
  STATUS ON
  COLOR -1 -1 -1
  OUTLINECOLOR 255 0 0
END

#
# Start of legend
#
LEGEND
  KEYSIZE 25 12
  IMAGECOLOR 255 255 255
  OUTLINECOLOR 255 255 255
  KEYSPACING 5 5
  TRANSPARENT off 
  POSITION ul
  TEMPLATE "../theme/legend.html"
  LABEL
    TYPE truetype
	FONT arial
    SIZE 8
    COLOR 0 51 102
	ANTIALIAS true
  END
  STATUS on
END

#
# Start of scalebar
#
SCALEBAR
  IMAGECOLOR 255 255 255
  BACKGROUNDCOLOR 0 0 0
  LABEL
    COLOR 0 0 0
    SIZE tiny
  END
  STYLE 0
  SIZE 200 2
  COLOR 212 208 200
  UNITS KILOMETERS
  INTERVALS 4
  TRANSPARENT off
  STATUS ON
END

#
# Start of layer definitions
#

LAYER
  NAME OS250k
  
  GROUP "RASTER"

  # projection: if the data is NOT in the same projection as the global
  # mapfile, you must explicitly give the native projection code of the data
  # some common projections:
  # lat/long: epsg:4326
  # NRCan LCC: epsg:42304
  PROJECTION
   "init=epsg:27700"
  END

  # what type of data is this?
  TYPE RASTER

  # always returned with interface
  STATUS ON

  # actual data pointer
  TILEINDEX  "../data/os250k_index.shp"
  TILEITEM "Location"
  
  DUMP TRUE
  
  METADATA
  	LEGTITLE 'OS250k'
  END
  HEADER "../theme/land_header.html"
  FOOTER "../theme/land_footer.html"
  TEMPLATE "../theme/land.html"

END

LAYER
  NAME miniscaleng
  
  GROUP "RASTER"

  # projection: if the data is NOT in the same projection as the global
  # mapfile, you must explicitly give the native projection code of the data
  # some common projections:
  # lat/long: epsg:4326
  # NRCan LCC: epsg:42304
  PROJECTION
   "init=epsg:27700"
  END

  # what type of data is this?
  TYPE RASTER

  # always returned with interface
  STATUS OFF

  # actual data pointer
  TILEINDEX  "../data/ms_nogrid_index.SHP"
  TILEITEM "Location"
  
  DUMP TRUE
  
  METADATA
  	LEGTITLE 'miniscaleng'
  END
  HEADER "../theme/land_header.html"
  FOOTER "../theme/land_footer.html"
  TEMPLATE "../theme/land.html"

END

LAYER
  NAME miniscalewg
  
  GROUP "RASTER"

  # projection: if the data is NOT in the same projection as the global
  # mapfile, you must explicitly give the native projection code of the data
  # some common projections:
  # lat/long: epsg:4326
  # NRCan LCC: epsg:42304
  PROJECTION
   "init=epsg:27700"
  END

  # what type of data is this?
  TYPE RASTER

  # always returned with interface
  STATUS OFF

  # actual data pointer
  TILEINDEX  "../data/ms_withgrid_index.SHP"
  TILEITEM "Location"
  
  DUMP TRUE
  
  METADATA
  	LEGTITLE 'miniscalewg'
  END
  HEADER "../theme/land_header.html"
  FOOTER "../theme/land_footer.html"
  TEMPLATE "../theme/land.html"

END

LAYER
  NAME miniscaler1
  
  GROUP "RASTER"

  # projection: if the data is NOT in the same projection as the global
  # mapfile, you must explicitly give the native projection code of the data
  # some common projections:
  # lat/long: epsg:4326
  # NRCan LCC: epsg:42304
  PROJECTION
   "init=epsg:27700"
  END

  # what type of data is this?
  TYPE RASTER

  # always returned with interface
  STATUS OFF

  # actual data pointer
  TILEINDEX  "../data/ms_withrelief1_index.SHP"
  TILEITEM "Location"
  
  DUMP TRUE
  
  METADATA
  	LEGTITLE 'miniscaler1'
  END
  HEADER "../theme/land_header.html"
  FOOTER "../theme/land_footer.html"
  TEMPLATE "../theme/land.html"

END

LAYER
  NAME miniscaler2
  
  GROUP "RASTER"

  # projection: if the data is NOT in the same projection as the global
  # mapfile, you must explicitly give the native projection code of the data
  # some common projections:
  # lat/long: epsg:4326
  # NRCan LCC: epsg:42304
  PROJECTION
   "init=epsg:27700"
  END

  # what type of data is this?
  TYPE RASTER

  # always returned with interface
  STATUS OFF

  # actual data pointer
  TILEINDEX  "../data/ms_withrelief2_index.SHP"
  TILEITEM "Location"
  
  DUMP TRUE
  
  METADATA
  	LEGTITLE 'miniscaler2g'
  END
  HEADER "../theme/land_header.html"
  FOOTER "../theme/land_footer.html"
  TEMPLATE "../theme/land.html"

END

LAYER
  NAME OS10k
  
  GROUP "RASTER"

  # projection: if the data is NOT in the same projection as the global
  # mapfile, you must explicitly give the native projection code of the data
  # some common projections:
  # lat/long: epsg:4326
  # NRCan LCC: epsg:42304
  PROJECTION
   "init=epsg:27700"
  END

  # what type of data is this?
  TYPE RASTER

  # always returned with interface
  STATUS OFF

  # actual data pointer
  TILEINDEX  "../data/os10k_index.shp"
  TILEITEM "Location"
  
  DUMP TRUE
  
  METADATA
  	LEGTITLE 'OS10k'
  END
  HEADER "../theme/land_header.html"
  FOOTER "../theme/land_footer.html"
  TEMPLATE "../theme/land.html"

END

END # Map File
